README.md|Dokumentace pro vývojáře
helpviewer.md|Projekt HelpViewer
=latestApp|Stáhnout poslední verzi
https://github.com/HelpViewer/HelpViewer|GitHub repozitář
https://github.com/HelpViewer/HelpViewer/pkgs/container/helpviewer|Kontejnerové obrazy
https://discord.gg/J2SjcmqHSZ|Uživatelská skupina
newLangViewer.md|Nový jazyk prohlížeče
runseq.md|Spouštěcí sekvence
css.lst.md|Seznam stylů
js.lst.md|Seznam skriptů
plugins.lst.md|Seznam pluginů
oexplorer.md|Prohlížeč objektů
firstPlugin.md|První plugin
techstack.md|Použité technologie
pTRPhasePlugin.md|pTRPhasePlugin
pConvertSysEventToEvent.md|pConvertSysEventToEvent
implPlug.md|Implementace pluginů
lists.md|Seznamy zavádění
pTopicRenderer.md|pTopicRenderer
pluginConfig.md|Konfigurace pluginů
pluginLoad.md|Zavádění pluginů
puiButton.md|puiButton
eventFilter.md|Filtrování událostí v pluginech
eventFilterD.md|Detaily o filtrování událostí v pluginech
appendix.md|Přílohy
puiButtonTab.md|puiButtonTab
puiButtonTabTree.md|puiButtonTabTree
objDef.md|Definice objektů v pluginech
debug.md|Režim ladění
cfgopt.md|Konfigurační volba
event.md|Událost
concept.md|Základní přehled
handler.md|Obsluha události
jsevent.md|Zpracování javascript události
uiobject.md|UI prvky
uibutton.md|Tlačítko
uitab.md|Karta
uitree.md|Strom
resource.md|Zdroj/Balíček
routingmc.md|Směrování kliknutí myši
