Dokumentace pro vývojáře|Dokumentace pro vývojáře||README.md
🛠️ Použité technologie|Použité technologie a součásti||techstack.md
▶️ Spouštěcí sekvence|Spouštěcí sekvence||runseq.md
Seznamy|Seznamy||lists.md
 📄 Seznam stylů (css.lst)|Seznam stylů (css.lst)||css.lst.md
 📄 Seznam skriptů (js.lst)|Seznam skriptů (js.lst)||js.lst.md
 📄 Seznam pluginů (plugins.lst)|Seznam pluginů (plugins.lst)||plugins.lst.md
🧩 Prohlížeč objektů|Prohlížeč objektů||oexplorer.md
🧩 První plugin|První plugin||firstPlugin.md
🌐 Nový jazyk|Nový jazyk||newLangViewer.md
Projekt HelpViewer|Projekt HelpViewer||helpviewer.md
 📜 Projektové dokumenty|Projektové dokumenty a politiky||?d=https://raw.githubusercontent.com/HelpViewer/.github/master/
 🚀 Stáhnout poslední verzi|Balíček pro offline použití||=latestApp
 🔗 GitHub|GitHub repozitář||https://github.com/HelpViewer/HelpViewer
 🐳 Kontejnerové obrazy|Kontejnerové obrazy||https://github.com/HelpViewer/HelpViewer/pkgs/container/helpviewer
 💬 Uživatelská skupina|Uživatelská skupina Discord||https://discord.gg/J2SjcmqHSZ
