Dokumentace pro vývojáře|Dokumentace pro vývojáře||README.md
🗺️ Základní přehled|Základní přehled||concept.md
🛠️ Použité technologie|Použité technologie a součásti||techstack.md
▶️ Spouštěcí sekvence|Spouštěcí sekvence||runseq.md
Seznamy|Seznamy||lists.md
 📄 Seznam závislostí (deps.lst)|Seznam externích závislostí (deps.lst)||deps.lst.md
 📄 Seznam stylů (css.lst)|Seznam stylů (css.lst)||css.lst.md
 📄 Seznam skriptů (js.lst)|Seznam skriptů (js.lst)||js.lst.md
 📄 Seznam pluginů (plugins.lst)|Seznam pluginů (plugins.lst)||plugins.lst.md
🐞 Debug režim|Debug režim||debug.md
🧩 Prohlížeč objektů|Prohlížeč objektů||oexplorer.md
🧩 První plugin|První plugin||firstPlugin.md
 📑 Zavádění pluginů|Zavádění pluginů||pluginLoad.md
 ⚙️ Konfigurace pluginů|Konfigurace pluginů||pluginConfig.md
 🔺 Filtrování událostí|Filtrování událostí v pluginech||eventFilter.md
 🌐 Lokalizace|Lokalizace pluginů||plugLocStrings.md
Implementace pluginů|Implementace pluginů||implPlug.md
 🖥️ puiButton|puiButton||puiButton.md
 🖥️ puiButtonTab|puiButtonTab||puiButtonTab.md
 🖥️ puiButtonTabTree|puiButtonTabTree||puiButtonTabTree.md
 🖥️ puiButtonSelect|puiButtonSelect||puiButtonSelect.md
 🔌 pConvertSysEventToEvent|pConvertSysEventToEvent||pConvertSysEventToEvent.md
 🖼️ pTRPhasePlugin|pTRPhasePlugin||pTRPhasePlugin.md
 🖼️ pTopicRenderer|pTopicRenderer||pTopicRenderer.md
 🖼️ pExport|pExport||pExport.md
 🧩 pExtension|pExtension||pExtension.md
 🔌 pServicePlugin|pServicePlugin||pServicePlugin.md
Definice objektů|Definice objektů||objDef.md
 ⚙️ Konfigurační volba|Konfigurační volba||cfgopt.md
 ⚡ Událost|Událost||event.md
 👂 Obsluha události|Obsluha události||handler.md
 ⭐ Zpracování javascript události|Zpracování javascript události||jsevent.md
 📦 Zdroj|Zdroj||resource.md
 🔀 Směrování kliknutí myši|Směrování kliknutí myši||routingmc.md
UI prvky|UI prvky||uiobject.md
 🔘 Tlačítko|Tlačítko||uibutton.md
 🎛️ Karta|Karta||uitab.md
 📂 Strom|Strom||uitree.md
📑 Dokumentace objektů|Dokumentace objektů||objDoc.md
📥 Vlastní balíček|Vlastní balíček||custPackage.md
🌐 Nový jazyk|Nový jazyk||newLangViewer.md
Projekt HelpViewer|Projekt HelpViewer||helpviewer.md
 📍 Milníky|Milníky||milestones.md
 📜 Projektové dokumenty|Projektové dokumenty a politiky||?d=https://raw.githubusercontent.com/HelpViewer/.github/master/
 🚀 Stáhnout poslední verzi|Balíček pro offline použití||=latestApp
 🔗 GitHub|GitHub repozitář||https://github.com/HelpViewer/HelpViewer
 🐳 Kontejnerové obrazy|Kontejnerové obrazy||https://github.com/HelpViewer/HelpViewer/pkgs/container/helpviewer
 💬 Uživatelská skupina|Uživatelská skupina Discord||https://discord.gg/J2SjcmqHSZ
Přílohy|Přílohy||appendix.md
 🔺 Detaily k filtrování událostí|Detaily k filtrování událostí v pluginech||eventFilterD.md
 ❔ Plugin pro prohlížeče Chromium|Plugin Co je zde? pro prohlížeče s jádrem Chromium||?d=https://raw.githubusercontent.com/HelpViewer/PluginChromeHelpViewer/master/
